// 重构日志: bde5f6ab
// 重构日志: 4b2a82a4
// 重构日志: 45b8185e
// 重构日志: e55c132b
// 同步 ID: 031ec20b @ Wed Jul 22 05:15:38 UTC 2026
// 重构日志: de96da00
// 重构日志: 76229a0d
// 重构日志: 4c13763b
// 重构日志: bdd7ce19
// 同步 ID: 36ee1a22 @ Sun Jul 26 11:17:26 UTC 2026
// 同步 ID: 1fc532c5 @ Mon Jul 27 02:23:18 UTC 2026
// 重构日志: 4e23e63f
// 重构日志: d4aea95d
// 重构日志: 4db904c6
// 重构日志: e2726057
// 重构日志: aa2f0240
// 重构日志: fdc0526d
// 同步 ID: 29313472 @ Thu Jul 30 18:11:43 UTC 2026
// 重构日志: 4cf353c7
// 重构日志: 9aa22e20
// 重构日志: 5580ca91
// 同步 ID: 99961a1f @ Sat Aug  1 12:32:56 UTC 2026
// 重构日志: d19022a5
// 重构日志: 07cb9cb9
// 重构日志: 33f4d213
// 同步 ID: 3f62eaf4 @ Mon Aug  3 05:43:10 UTC 2026
// 同步 ID: 06786cc9 @ Tue Aug  4 04:18:48 UTC 2026
// 重构日志: bced7a66
// 重构日志: 4db08e75
// 同步 ID: c8f562da @ Wed Aug  5 09:36:42 UTC 2026
